18:39:17 **** Incremental Build of configuration Debug for project testTerminal ****
make -j4 all 
arm-none-eabi-gcc "../Core/Src/main.c" -mcpu=cortex-m3 -std=gnu11 -g3 -DDEBUG -DUSE_HAL_DRIVER -DSTM32F103x6 -c -I../Core/Inc -I../Drivers/STM32F1xx_HAL_Driver/Inc -I../Drivers/STM32F1xx_HAL_Driver/Inc/Legacy -I../Drivers/CMSIS/Device/ST/STM32F1xx/Include -I../Drivers/CMSIS/Include -O0 -ffunction-sections -fdata-sections -Wall -fstack-usage -MMD -MP -MF"Core/Src/main.d" -MT"Core/Src/main.o" --specs=nano.specs -mfloat-abi=soft -mthumb -o "Core/Src/main.o"
../Core/Src/main.c: In function 'main':
../Core/Src/main.c:125:52: warning: passing argument 1 of 'sprintf' from incompatible pointer type [-Wincompatible-pointer-types]
  125 |    HAL_UART_Transmit(&huart2, (void *)str, sprintf(str, "%d\n", ADC_value), 1000);
      |                                                    ^~~
      |                                                    |
      |                                                    void (*)(void)
In file included from ../Core/Src/main.c:22:
c:\st\stm32cubeide_1.7.0\stm32cubeide\plugins\com.st.stm32cube.ide.mcu.externaltools.gnu-tools-for-stm32.9-2020-q2-update.win32_2.0.0.202105311346\tools\arm-none-eabi\include\stdio.h:244:14: note: expected 'char * restrict' but argument is of type 'void (*)(void)'
  244 | int sprintf (char *__restrict, const char *__restrict, ...)
      |              ^
../Core/Src/main.c:125:59: warning: format '%d' expects argument of type 'int', but argument 3 has type 'uint32_t' {aka 'long unsigned int'} [-Wformat=]
  125 |    HAL_UART_Transmit(&huart2, (void *)str, sprintf(str, "%d\n", ADC_value), 1000);
      |                                                          ~^     ~~~~~~~~~
      |                                                           |     |
      |                                                           int   uint32_t {aka long unsigned int}
      |                                                          %ld
arm-none-eabi-gcc -o "testTerminal.elf" @"objects.list"   -mcpu=cortex-m3 -T"D:\Lab4\testTerminal\STM32F103C6UX_FLASH.ld" --specs=nosys.specs -Wl,-Map="testTerminal.map" -Wl,--gc-sections -static --specs=nano.specs -mfloat-abi=soft -mthumb -Wl,--start-group -lc -lm -Wl,--end-group
Finished building target: testTerminal.elf
 
arm-none-eabi-size   testTerminal.elf 
arm-none-eabi-objdump -h -S  testTerminal.elf  > "testTerminal.list"
arm-none-eabi-objcopy  -O ihex  testTerminal.elf  "testTerminal.hex"
arm-none-eabi-objcopy  -O binary  testTerminal.elf  "testTerminal.bin"
   text	   data	    bss	    dec	    hex	filename
  15196	    120	   1752	  17068	   42ac	testTerminal.elf
Finished building: default.size.stdout
 
Finished building: testTerminal.hex
Finished building: testTerminal.bin
 
Finished building: testTerminal.list
 
 

18:39:19 Build Finished. 0 errors, 2 warnings. (took 2s.101ms)

